#-----------------------------------------------------------
# Vivado v2024.1 (64-bit)
# SW Build 5076996 on Wed May 22 18:37:14 MDT 2024
# IP Build 5075265 on Wed May 22 21:45:21 MDT 2024
# SharedData Build 5076995 on Wed May 22 18:29:18 MDT 2024
# Start of session at: Tue Nov  5 22:55:58 2024
# Process ID: 15784
# Current directory: C:/Users/margi/Code/school/HW-SYN-LAB-FINAL/final.runs/synth_1
# Command line: vivado.exe -log system.vds -product Vivado -mode batch -messageDb vivado.pb -notrace -source system.tcl
# Log file: C:/Users/margi/Code/school/HW-SYN-LAB-FINAL/final.runs/synth_1/system.vds
# Journal file: C:/Users/margi/Code/school/HW-SYN-LAB-FINAL/final.runs/synth_1\vivado.jou
# Running On        :LAPTOP-293MO244
# Platform          :Windows Server 2016 or Windows 10
# Operating System  :22631
# Processor Detail  :AMD Ryzen 7 4800H with Radeon Graphics         
# CPU Frequency     :2894 MHz
# CPU Physical cores:8
# CPU Logical cores :16
# Host memory       :16505 MB
# Swap memory       :11811 MB
# Total Virtual     :28317 MB
# Available Virtual :13716 MB
#-----------------------------------------------------------
source system.tcl -notrace
